light collaboration-model: diagrams 2, labels 19, clipped 0, maxClipPx 0, maxClipXPx 0.03
light en/collaboration-model: diagrams 2, labels 19, clipped 0, maxClipPx 0, maxClipXPx 0.34
light organization-model: diagrams 2, labels 27, clipped 0, maxClipPx 0, maxClipXPx 0.48
light en/organization-model: diagrams 2, labels 27, clipped 0, maxClipPx 0, maxClipXPx 0.5
light operator-vs-meta-mode: diagrams 1, labels 13, clipped 0, maxClipPx 0, maxClipXPx 0.42
light en/operator-vs-meta-mode: diagrams 1, labels 13, clipped 0, maxClipPx 0, maxClipXPx 0.42
light philosophy: diagrams 1, labels 8, clipped 0, maxClipPx 0, maxClipXPx 0.5
light en/philosophy: diagrams 1, labels 8, clipped 0, maxClipPx 0, maxClipXPx 0.33
light overview: diagrams 1, labels 7, clipped 0, maxClipPx 0, maxClipXPx 0.48
light en/overview: diagrams 1, labels 7, clipped 0, maxClipPx 0, maxClipXPx 0.2
light real-world-vs-aise: diagrams 1, labels 7, clipped 0, maxClipPx 0, maxClipXPx 0
light en/real-world-vs-aise: diagrams 1, labels 7, clipped 0, maxClipPx 0, maxClipXPx 0.3
light staff-governance: diagrams 1, labels 7, clipped 0, maxClipPx 0, maxClipXPx 0.2
light en/staff-governance: diagrams 1, labels 7, clipped 0, maxClipPx 0, maxClipXPx 0.48
light structural-principles-ocp: diagrams 1, labels 10, clipped 0, maxClipPx 0, maxClipXPx 0.33
light en/structural-principles-ocp: diagrams 1, labels 10, clipped 0, maxClipPx 0, maxClipXPx 0.33
light usage: diagrams 1, labels 11, clipped 0, maxClipPx 0, maxClipXPx 0
light en/usage: diagrams 1, labels 11, clipped 0, maxClipPx 0, maxClipXPx 0.13
light ultimate-goal: diagrams 1, labels 6, clipped 0, maxClipPx 0, maxClipXPx 0.17
light en/ultimate-goal: diagrams 1, labels 6, clipped 0, maxClipPx 0, maxClipXPx 0.45
light story/at-a-glance: diagrams 1, labels 13, clipped 0, maxClipPx 0, maxClipXPx 0.48
light en/story/at-a-glance: diagrams 1, labels 13, clipped 0, maxClipPx 0, maxClipXPx 0.38
dark collaboration-model: diagrams 2, labels 19, clipped 0, maxClipPx 0, maxClipXPx 0.03
dark en/collaboration-model: diagrams 2, labels 19, clipped 0, maxClipPx 0, maxClipXPx 0.34
dark organization-model: diagrams 2, labels 27, clipped 0, maxClipPx 0, maxClipXPx 0.48
dark en/organization-model: diagrams 2, labels 27, clipped 0, maxClipPx 0, maxClipXPx 0.5
dark operator-vs-meta-mode: diagrams 1, labels 13, clipped 0, maxClipPx 0, maxClipXPx 0.42
dark en/operator-vs-meta-mode: diagrams 1, labels 13, clipped 0, maxClipPx 0, maxClipXPx 0.42
dark philosophy: diagrams 1, labels 8, clipped 0, maxClipPx 0, maxClipXPx 0.5
dark en/philosophy: diagrams 1, labels 8, clipped 0, maxClipPx 0, maxClipXPx 0.33
dark overview: diagrams 1, labels 7, clipped 0, maxClipPx 0, maxClipXPx 0.48
dark en/overview: diagrams 1, labels 7, clipped 0, maxClipPx 0, maxClipXPx 0.2
dark real-world-vs-aise: diagrams 1, labels 7, clipped 0, maxClipPx 0, maxClipXPx 0
dark en/real-world-vs-aise: diagrams 1, labels 7, clipped 0, maxClipPx 0, maxClipXPx 0.3
dark staff-governance: diagrams 1, labels 7, clipped 0, maxClipPx 0, maxClipXPx 0.2
dark en/staff-governance: diagrams 1, labels 7, clipped 0, maxClipPx 0, maxClipXPx 0.48
dark structural-principles-ocp: diagrams 1, labels 10, clipped 0, maxClipPx 0, maxClipXPx 0.33
dark en/structural-principles-ocp: diagrams 1, labels 10, clipped 0, maxClipPx 0, maxClipXPx 0.33
dark usage: diagrams 1, labels 11, clipped 0, maxClipPx 0, maxClipXPx 0
dark en/usage: diagrams 1, labels 11, clipped 0, maxClipPx 0, maxClipXPx 0.13
dark ultimate-goal: diagrams 1, labels 6, clipped 0, maxClipPx 0, maxClipXPx 0.17
dark en/ultimate-goal: diagrams 1, labels 6, clipped 0, maxClipPx 0, maxClipXPx 0.45
dark story/at-a-glance: diagrams 1, labels 13, clipped 0, maxClipPx 0, maxClipXPx 0.48
dark en/story/at-a-glance: diagrams 1, labels 13, clipped 0, maxClipPx 0, maxClipXPx 0.38
0 clipped label(s)
